  console.log
    ??? PostgreSQL connected

      at BoundPool.log (config/db.js:10:11)

[0mPOST /boards [32m201[0m 2660.376 ms - 97[0m
[0mGET /boards/96/details [32m200[0m 3528.322 ms - 129[0m
  console.error
    [ERROR] GET /boards/-1: Board not found

       5 | // eslint-disable-next-line no-unused-vars
       6 | const errorHandler = (err, req, res, next) => {
    >  7 |   console.error(`[ERROR] ${req.method} ${req.path}:`, err.message || err);
         |           ^
       8 |
       9 |   const status = err.status || err.statusCode || 500;
      10 |   const message = err.message || 'Internal Server Error';

      at error (middleware/errorHandler.js:7:11)
      at Layer.handle_error (node_modules/express/lib/router/layer.js:71:5)
      at trim_prefix (node_modules/express/lib/router/index.js:326:13)
      at node_modules/express/lib/router/index.js:286:9
      at Function.process_params (node_modules/express/lib/router/index.js:346:12)
      at next (node_modules/express/lib/router/index.js:280:10)
      at Layer.handle_error (node_modules/express/lib/router/layer.js:67:12)
      at trim_prefix (node_modules/express/lib/router/index.js:326:13)
      at node_modules/express/lib/router/index.js:286:9
      at Function.process_params (node_modules/express/lib/router/index.js:346:12)
      at next (node_modules/express/lib/router/index.js:280:10)
      at node_modules/express/lib/router/index.js:646:15
      at next (node_modules/express/lib/router/index.js:265:14)
      at next (node_modules/express/lib/router/route.js:141:14)
      at next (controllers/boardController.js:18:7)

[0mGET /boards/-1 [33m404[0m 2171.573 ms - 43[0m
[0mDELETE /boards/96 [32m200[0m 1390.705 ms - 42[0m
node.exe : PASS 
tests/board.test.js 
(11.034 s)
At C:\Users\shubh\AppData
\Roaming\npm\npx.ps1:24 
char:5
+     & "node$exe"  "$bas
edir/node_modules/npm/bin
/npx-cli.js" $args
+     ~~~~~~~~~~~~~~~~~~~
~~~~~~~~~~~~~~~~~~~~~~~~~
~~~~~~~~~~~~~~~~~~
    + CategoryInfo       
       : NotSpecified:   
  (PASS tests/board.te   
 st.js (11.034 s):Str    
ing) [], RemoteExcep    
tion
    + FullyQualifiedErro 
   rId : NativeCommandE  
  rror
 
  Board API & DB Tests
    ??? 1. POST /boards 
- Should create a new 
board (Layer: API + DB 
Integration) (2692 ms)
    ??? 2. GET 
/boards/:id/details - 
Should fetch board 
details (Layer: API) 
(3535 ms)
    ??? 3. GET 
/boards/:id - Invalid 
board ID returns 404/500 
(Layer: API Edge Case) 
(2177 ms)
    ??? 4. BoardService.c
reateBoard() throws on 
empty title (Layer: Unit 
Service logic) (1 ms)

Test Suites: 1 passed, 1 
total
Tests:       4 passed, 4 
total
Snapshots:   0 total
Time:        11.107 s
Ran all test suites 
matching 
/tests\\board.test.js/i.
Force exiting Jest: Have 
you considered using 
`--detectOpenHandles` to 
detect async operations 
that kept running after 
all tests finished?
